
> primecare-rcm-solutions@0.1.0 build
> next build

  ▲ Next.js 14.2.5

   Creating an optimized production build ...
 ✓ Compiled successfully
   Linting and checking validity of types ...
   Collecting page data ...
   Generating static pages (0/8) ...
   Generating static pages (2/8) 
   Generating static pages (4/8) 
   Generating static pages (6/8) 
 ✓ Generating static pages (8/8)
   Finalizing page optimization ...
   Collecting build traces ...

Route (app)                              Size     First Load JS
┌ ○ /                                    8.8 kB          153 kB
├ ○ /_not-found                          871 B          87.9 kB
├ ○ /about                               2.24 kB         134 kB
├ ○ /contact                             137 B          87.2 kB
├ ○ /services                            3.91 kB         135 kB
└ ○ /why-choose-us                       2.93 kB         128 kB
+ First Load JS shared by all            87.1 kB
  ├ chunks/23-c3fafa2ddc0f30eb.js        31.5 kB
  ├ chunks/fd9d1056-4a917af64af6b262.js  53.6 kB
  └ other shared chunks (total)          1.89 kB


○  (Static)  prerendered as static content

